Ensuring GSM7266236_A1.txt.gz
Ensuring GSM7266237_A10.txt.gz
Ensuring GSM7266238_A2.txt.gz
Ensuring GSM7266239_A3.txt.gz
Ensuring GSM7266240_A4.txt.gz
Ensuring GSM7266241_A5.txt.gz
Ensuring GSM7266242_A6.txt.gz
Ensuring GSM7266243_A7.txt.gz
Ensuring GSM7266244_A8.txt.gz
Ensuring GSM7266245_A9.txt.gz
Ensuring GSM7266246_H1.txt.gz
Ensuring GSM7266247_H10.txt.gz
Ensuring GSM7266248_H2.txt.gz
Ensuring GSM7266249_H3.txt.gz
Ensuring GSM7266250_H4.txt.gz
Ensuring GSM7266251_H5.txt.gz
Ensuring GSM7266252_H6.txt.gz
Ensuring GSM7266253_H7.txt.gz
Ensuring GSM7266254_H8.txt.gz
Ensuring GSM7266255_H9.txt.gz
Ensuring GSM7266256_N10a.txt.gz
Ensuring GSM7266257_N10b.txt.gz
Ensuring GSM7266258_N1a.txt.gz
Ensuring GSM7266259_N1b.txt.gz
Ensuring GSM7266260_N2a.txt.gz
Ensuring GSM7266261_N2b.txt.gz
Ensuring GSM7266262_N3a.txt.gz
Ensuring GSM7266263_N3b.txt.gz
Ensuring GSM7266264_N4a.txt.gz
Ensuring GSM7266265_N4b.txt.gz
Ensuring GSM7266266_N5a.txt.gz
Ensuring GSM7266267_N5b.txt.gz
Ensuring GSM7266268_N6a.txt.gz
Ensuring GSM7266269_N6b.txt.gz
Ensuring GSM7266270_N7a.txt.gz
Ensuring GSM7266271_N7b.txt.gz
Ensuring GSM7266272_N8a.txt.gz
Ensuring GSM7266273_N8b.txt.gz
Ensuring GSM7266274_N9a.txt.gz
Ensuring GSM7266275_N9b.txt.gz
Parsing GSM7266236_A1.txt.gz
Parsing GSM7266237_A10.txt.gz
Parsing GSM7266238_A2.txt.gz
Parsing GSM7266239_A3.txt.gz
Parsing GSM7266240_A4.txt.gz
Parsing GSM7266241_A5.txt.gz
Parsing GSM7266242_A6.txt.gz
Parsing GSM7266243_A7.txt.gz
Parsing GSM7266244_A8.txt.gz
Parsing GSM7266245_A9.txt.gz
Parsing GSM7266246_H1.txt.gz
Parsing GSM7266247_H10.txt.gz
Parsing GSM7266248_H2.txt.gz
Parsing GSM7266249_H3.txt.gz
Parsing GSM7266250_H4.txt.gz
Parsing GSM7266251_H5.txt.gz
Parsing GSM7266252_H6.txt.gz
Parsing GSM7266253_H7.txt.gz
Parsing GSM7266254_H8.txt.gz
Parsing GSM7266255_H9.txt.gz
Parsing GSM7266256_N10a.txt.gz
Parsing GSM7266257_N10b.txt.gz
Parsing GSM7266258_N1a.txt.gz
Parsing GSM7266259_N1b.txt.gz
Parsing GSM7266260_N2a.txt.gz
Parsing GSM7266261_N2b.txt.gz
Parsing GSM7266262_N3a.txt.gz
Parsing GSM7266263_N3b.txt.gz
Parsing GSM7266264_N4a.txt.gz
Parsing GSM7266265_N4b.txt.gz
Parsing GSM7266266_N5a.txt.gz
Parsing GSM7266267_N5b.txt.gz
Parsing GSM7266268_N6a.txt.gz
Parsing GSM7266269_N6b.txt.gz
Parsing GSM7266270_N7a.txt.gz
Parsing GSM7266271_N7b.txt.gz
Parsing GSM7266272_N8a.txt.gz
Parsing GSM7266273_N8b.txt.gz
Parsing GSM7266274_N9a.txt.gz
Parsing GSM7266275_N9b.txt.gz
{
  "random_seed": 20260527,
  "accession": "GSE227835",
  "public_geo_urls": {
    "geo": "https://www.ncbi.nlm.nih.gov/geo/query/acc.cgi?acc=GSE227835",
    "filelist": "https://ftp.ncbi.nlm.nih.gov/geo/series/GSE227nnn/GSE227835/suppl/filelist.txt",
    "series_matrix": "https://ftp.ncbi.nlm.nih.gov/geo/series/GSE227nnn/GSE227835/matrix/GSE227835_series_matrix.txt.gz",
    "family_soft": "https://ftp.ncbi.nlm.nih.gov/geo/series/GSE227nnn/GSE227835/soft/GSE227835_family.soft.gz"
  },
  "n_samples": 40,
  "sample_groups": {
    "achr_positive_mg": 10,
    "healthy_control": 10,
    "seronegative_mg_pre": 10,
    "seronegative_mg_post": 10
  },
  "n_cells_total": 444357,
  "n_cells_by_marker_compartment": {
    "marker_ambiguous": 22689,
    "marker_b_cell_apc_like": 49281,
    "marker_myeloid_apc_like": 83233,
    "marker_nk_like": 110390,
    "marker_plasmablast_like": 4497,
    "marker_t_cell_like": 174267
  },
  "n_candidate_gene_score_rows": 9800,
  "n_module_comparison_rows": 280,
  "top_positive_primary_module_results": [
    {
      "accession": "GSE227835",
      "contrast": "achr_positive_mg_vs_healthy_control",
      "interpretation_scope": "subtype disease-control: AChR-positive MG vs healthy controls",
      "marker_compartment": "marker_b_cell_apc_like",
      "module": "lysosomal_apc",
      "metric": "mean_score",
      "n_case_donors": 10,
      "n_control_donors": 10,
      "mean_case": 0.0956850584674463,
      "mean_control": 0.009164206484923169,
      "delta_case_minus_control": 0.08652085198252313,
      "hedges_g": 2.2518720120336972,
      "welch_t": 5.25748619975142,
      "p": 8.182951181158033e-05,
      "fdr": 0.011056159226215861
    },
    {
      "accession": "GSE227835",
      "contrast": "untreated_mg_vs_healthy_control",
      "interpretation_scope": "primary disease-control: AChR-positive MG plus seronegative pre-treatment MG vs healthy controls",
      "marker_compartment": "marker_b_cell_apc_like",
      "module": "lysosomal_apc",
      "metric": "mean_score",
      "n_case_donors": 20,
      "n_control_donors": 10,
      "mean_case": 0.08715392808885669,
      "mean_control": 0.009164206484923169,
      "delta_case_minus_control": 0.07798972160393353,
      "hedges_g": 1.7287313319138098,
      "welch_t": 4.626996348855499,
      "p": 0.00019550809579394968,
      "fdr": 0.011056159226215861
    },
    {
      "accession": "GSE227835",
      "contrast": "achr_positive_mg_vs_healthy_control",
      "interpretation_scope": "subtype disease-control: AChR-positive MG vs healthy controls",
      "marker_compartment": "marker_t_cell_like",
      "module": "ifng_hlaii_cd74",
      "metric": "mean_score",
      "n_case_donors": 10,
      "n_control_donors": 10,
      "mean_case": 0.09286057195938843,
      "mean_control": 0.005079203873781461,
      "delta_case_minus_control": 0.08778136808560696,
      "hedges_g": 1.6439953822377582,
      "welch_t": 3.8382656689108203,
      "p": 0.001211044868940507,
      "fdr": 0.024515016059368847
    },
    {
      "accession": "GSE227835",
      "contrast": "seronegative_mg_pre_vs_healthy_control",
      "interpretation_scope": "subtype disease-control: seronegative MG pre-treatment vs healthy controls",
      "marker_compartment": "marker_myeloid_apc_like",
      "module": "lipid_loader_repair",
      "metric": "mean_score",
      "n_case_donors": 10,
      "n_control_donors": 10,
      "mean_case": 0.10222408341566673,
      "mean_control": -0.0009679804825197542,
      "delta_case_minus_control": 0.10319206389818648,
      "hedges_g": 1.6472710342105108,
      "welch_t": 3.8459133926490723,
      "p": 0.0015239137779915143,
      "fdr": 0.025099756343389647
    },
    {
      "accession": "GSE227835",
      "contrast": "achr_positive_mg_vs_healthy_control",
      "interpretation_scope": "subtype disease-control: AChR-positive MG vs healthy controls",
      "marker_compartment": "marker_t_cell_like",
      "module": "mixscale_validated_ifng_readout",
      "metric": "mean_score",
      "n_case_donors": 10,
      "n_control_donors": 10,
      "mean_case": 0.11663961602190036,
      "mean_control": 0.011538086472373098,
      "delta_case_minus_control": 0.10510152954952726,
      "hedges_g": 1.5350840675840682,
      "welch_t": 3.583988458337278,
      "p": 0.0021623403756873523,
      "fdr": 0.030272765259622934
    },
    {
      "accession": "GSE227835",
      "contrast": "achr_positive_mg_vs_healthy_control",
      "interpretation_scope": "subtype disease-control: AChR-positive MG vs healthy controls",
      "marker_compartment": "marker_t_cell_like",
      "module": "hla_ii_cd74",
      "metric": "mean_score",
      "n_case_donors": 10,
      "n_control_donors": 10,
      "mean_case": 0.09876268830897723,
      "mean_control": 0.0052067209451252495,
      "delta_case_minus_control": 0.09355596736385198,
      "hedges_g": 1.3873551742559689,
      "welch_t": 3.2390831467447248,
      "p": 0.004920197450579489,
      "fdr": 0.05740230359009404
    },
    {
      "accession": "GSE227835",
      "contrast": "seronegative_mg_pre_vs_healthy_control",
      "interpretation_scope": "subtype disease-control: seronegative MG pre-treatment vs healthy controls",
      "marker_compartment": "marker_b_cell_apc_like",
      "module": "lysosomal_apc",
      "metric": "mean_score",
      "n_case_donors": 10,
      "n_control_donors": 10,
      "mean_case": 0.07862279771026708,
      "mean_control": 0.009164206484923169,
      "delta_case_minus_control": 0.06945859122534391,
      "hedges_g": 1.3322399931877522,
      "welch_t": 3.110404739484244,
      "p": 0.006389883713159776,
      "fdr": 0.06428461586245918
    },
    {
      "accession": "GSE227835",
      "contrast": "achr_positive_mg_vs_healthy_control",
      "interpretation_scope": "subtype disease-control: AChR-positive MG vs healthy controls",
      "marker_compartment": "marker_b_cell_apc_like",
      "module": "mixscale_validated_ifng_readout",
      "metric": "mean_score",
      "n_case_donors": 10,
      "n_control_donors": 10,
      "mean_case": 0.12204092353535863,
      "mean_control": 0.02102232717932923,
      "delta_case_minus_control": 0.1010185963560294,
      "hedges_g": 1.1934874359223342,
      "welch_t": 2.7864566415884218,
      "p": 0.013765176308639835,
      "fdr": 0.09175189205520791
    },
    {
      "accession": "GSE227835",
      "contrast": "seronegative_mg_pre_vs_healthy_control",
      "interpretation_scope": "subtype disease-control: seronegative MG pre-treatment vs healthy controls",
      "marker_compartment": "marker_b_cell_apc_like",
      "module": "lipid_loader_repair",
      "metric": "mean_score",
      "n_case_donors": 10,
      "n_control_donors": 10,
      "mean_case": 0.05401669419364796,
      "mean_control": 0.002373574402947047,
      "delta_case_minus_control": 0.051643119790700916,
      "hedges_g": 1.1666060310132875,
      "welch_t": 2.723696140732244,
      "p": 0.020382161785392552,
      "fdr": 0.11754512362884627
    },
    {
      "accession": "GSE227835",
      "contrast": "achr_positive_mg_vs_healthy_control",
      "interpretation_scope": "subtype disease-control: AChR-positive MG vs healthy controls",
      "marker_compartment": "marker_b_cell_apc_like",
      "module": "slc15a4_tasl_branch",
      "metric": "mean_score",
      "n_case_donors": 10,
      "n_control_donors": 10,
      "mean_case": 0.06821282306087219,
      "mean_control": 0.014077589428328974,
      "delta_case_minus_control": 0.05413523363254322,
      "hedges_g": 1.066505005287892,
      "welch_t": 2.4899884706160647,
      "p": 0.022789758797483836,
      "fdr": 0.12081340918496203
    },
    {
      "accession": "GSE227835",
      "contrast": "untreated_mg_vs_healthy_control",
      "interpretation_scope": "primary disease-control: AChR-positive MG plus seronegative pre-treatment MG vs healthy controls",
      "marker_compartment": "marker_myeloid_apc_like",
      "module": "lipid_loader_repair",
      "metric": "mean_score",
      "n_case_donors": 20,
      "n_control_donors": 10,
      "mean_case": 0.052297074226266796,
      "mean_control": -0.0009679804825197542,
      "delta_case_minus_control": 0.05326505470878655,
      "hedges_g": 0.7648541277082436,
      "welch_t": 2.3833657992438955,
      "p": 0.024526293189564462,
      "fdr": 0.1226314659478223
    },
    {
      "accession": "GSE227835",
      "contrast": "achr_positive_mg_vs_healthy_control",
      "interpretation_scope": "subtype disease-control: AChR-positive MG vs healthy controls",
      "marker_compartment": "marker_t_cell_like",
      "module": "lysosomal_apc",
      "metric": "mean_score",
      "n_case_donors": 10,
      "n_control_donors": 10,
      "mean_case": 0.07759106898963948,
      "mean_control": 0.006773211259840888,
      "delta_case_minus_control": 0.0708178577297986,
      "hedges_g": 1.0171695681629926,
      "welch_t": 2.3748041357796406,
      "p": 0.02949580918422027,
      "fdr": 0.13539059953412583
    },
    {
      "accession": "GSE227835",
      "contrast": "untreated_mg_vs_healthy_control",
      "interpretation_scope": "primary disease-control: AChR-positive MG plus seronegative pre-treatment MG vs healthy controls",
      "marker_compartment": "marker_b_cell_apc_like",
      "module": "lipid_loader_repair",
      "metric": "mean_score",
      "n_case_donors": 20,
      "n_control_donors": 10,
      "mean_case": 0.02982343428363199,
      "mean_control": 0.002373574402947047,
      "delta_case_minus_control": 0.02744985988068494,
      "hedges_g": 0.6478971341259927,
      "welch_t": 2.256464961503569,
      "p": 0.03258296693495561,
      "fdr": 0.1425504803404308
    },
    {
      "accession": "GSE227835",
      "contrast": "untreated_mg_vs_healthy_control",
      "interpretation_scope": "primary disease-control: AChR-positive MG plus seronegative pre-treatment MG vs healthy controls",
      "marker_compartment": "marker_b_cell_apc_like",
      "module": "slc15a4_tasl_branch",
      "metric": "mean_score",
      "n_case_donors": 20,
      "n_control_donors": 10,
      "mean_case": 0.060290512862875435,
      "mean_control": 0.014077589428328974,
      "delta_case_minus_control": 0.04621292343454646,
      "hedges_g": 0.7510845686052446,
      "welch_t": 2.176952340711007,
      "p": 0.04005977058830263,
      "fdr": 0.1635480460062918
    },
    {
      "accession": "GSE227835",
      "contrast": "achr_positive_mg_vs_healthy_control",
      "interpretation_scope": "subtype disease-control: AChR-positive MG vs healthy controls",
      "marker_compartment": "marker_t_cell_like",
      "module": "lipid_loader_repair",
      "metric": "mean_score",
      "n_case_donors": 10,
      "n_control_donors": 10,
      "mean_case": 0.015219061576760904,
      "mean_control": 0.001612221912353567,
      "delta_case_minus_control": 0.013606839664407337,
      "hedges_g": 0.9503253005910022,
      "welch_t": 2.2187416187208457,
      "p": 0.04030291133726477,
      "fdr": 0.1635480460062918
    },
    {
      "accession": "GSE227835",
      "contrast": "untreated_mg_vs_healthy_control",
      "interpretation_scope": "primary disease-control: AChR-positive MG plus seronegative pre-treatment MG vs healthy controls",
      "marker_compartment": "marker_t_cell_like",
      "module": "lipid_loader_repair",
      "metric": "mean_score",
      "n_case_donors": 20,
      "n_control_donors": 10,
      "mean_case": 0.013230948575336568,
      "mean_control": 0.001612221912353567,
      "delta_case_minus_control": 0.011618726662983001,
      "hedges_g": 0.7053478564209703,
      "welch_t": 2.1203919390921575,
      "p": 0.044087072067633605,
      "fdr": 0.16681594836401906
    },
    {
      "accession": "GSE227835",
      "contrast": "achr_positive_mg_vs_healthy_control",
      "interpretation_scope": "subtype disease-control: AChR-positive MG vs healthy controls",
      "marker_compartment": "marker_nk_like",
      "module": "mixscale_validated_ifng_readout",
      "metric": "mean_score",
      "n_case_donors": 10,
      "n_control_donors": 10,
      "mean_case": 0.08089352159471457,
      "mean_control": 0.0073702095926256525,
      "delta_case_minus_control": 0.07352331200208892,
      "hedges_g": 0.8188938095904903,
      "welch_t": 1.9118861462715515,
      "p": 0.0721815929003244,
      "fdr": 0.21968310882707426
    },
    {
      "accession": "GSE227835",
      "contrast": "seronegative_mg_pre_vs_healthy_control",
      "interpretation_scope": "subtype disease-control: seronegative MG pre-treatment vs healthy controls",
      "marker_compartment": "marker_nk_like",
      "module": "lipid_loader_repair",
      "metric": "mean_score",
      "n_case_donors": 10,
      "n_control_donors": 10,
      "mean_case": 0.014851957398941951,
      "mean_control": 0.0030774232211175636,
      "delta_case_minus_control": 0.011774534177824387,
      "hedges_g": 0.7873867249335031,
      "welch_t": 1.838325987482193,
      "p": 0.0826615967957723,
      "fdr": 0.23379037477592163
    },
    {
      "accession": "GSE227835",
      "contrast": "untreated_mg_vs_healthy_control",
      "interpretation_scope": "primary disease-control: AChR-positive MG plus seronegative pre-treatment MG vs healthy controls",
      "marker_compartment": "marker_nk_like",
      "module": "lipid_loader_repair",
      "metric": "mean_score",
      "n_case_donors": 20,
      "n_control_donors": 10,
      "mean_case": 0.012995893385890096,
      "mean_control": 0.0030774232211175636,
      "delta_case_minus_control": 0.009918470164772531,
      "hedges_g": 0.6526251638850927,
      "welch_t": 1.7293438416438314,
      "p": 0.10082495219747194,
      "fdr": 0.26633006240841645
    },
    {
      "accession": "GSE227835",
      "contrast": "seronegative_mg_pre_vs_healthy_control",
      "interpretation_scope": "subtype disease-control: seronegative MG pre-treatment vs healthy controls",
      "marker_compartment": "marker_myeloid_apc_like",
      "module": "slc15a4_tasl_branch",
      "metric": "mean_score",
      "n_case_donors": 10,
      "n_control_donors": 10,
      "mean_case": 0.06322987831766233,
      "mean_control": -0.013676916940439285,
      "delta_case_minus_control": 0.07690679525810161,
      "hedges_g": 0.7242152144455507,
      "welch_t": 1.6908383226268906,
      "p": 0.10978318862201415,
      "fdr": 0.27500316534099023
    },
    {
      "accession": "GSE227835",
      "contrast": "seronegative_mg_pre_vs_healthy_control",
      "interpretation_scope": "subtype disease-control: seronegative MG pre-treatment vs healthy controls",
      "marker_compartment": "marker_b_cell_apc_like",
      "module": "complement_phagocytosis",
      "metric": "mean_score",
      "n_case_donors": 10,
      "n_control_donors": 10,
      "mean_case": 0.016493801401689625,
      "mean_control": -0.0005224358859604887,
      "delta_case_minus_control": 0.017016237287650112,
      "hedges_g": 0.6847327724672779,
      "welch_t": 1.5986579532613205,
      "p": 0.12822867514480085,
      "fdr": 0.3018361517104435
    },
    {
      "accession": "GSE227835",
      "contrast": "achr_positive_mg_vs_healthy_control",
      "interpretation_scope": "subtype disease-control: AChR-positive MG vs healthy controls",
      "marker_compartment": "marker_nk_like",
      "module": "lysosomal_apc",
      "metric": "mean_score",
      "n_case_donors": 10,
      "n_control_donors": 10,
      "mean_case": 0.06412123299469692,
      "mean_control": 0.013875842317781262,
      "delta_case_minus_control": 0.05024539067691566,
      "hedges_g": 0.6834141497709777,
      "welch_t": 1.5955793410704726,
      "p": 0.12881693290668406,
      "fdr": 0.3018361517104435
    },
    {
      "accession": "GSE227835",
      "contrast": "untreated_mg_vs_healthy_control",
      "interpretation_scope": "primary disease-control: AChR-positive MG plus seronegative pre-treatment MG vs healthy controls",
      "marker_compartment": "marker_myeloid_apc_like",
      "module": "slc15a4_tasl_branch",
      "metric": "mean_score",
      "n_case_donors": 20,
      "n_control_donors": 10,
      "mean_case": 0.05025969102686064,
      "mean_control": -0.013676916940439285,
      "delta_case_minus_control": 0.06393660796729993,
      "hedges_g": 0.6555190716212618,
      "welch_t": 1.5508182349220283,
      "p": 0.14374238260239794,
      "fdr": 0.32457957361831796
    },
    {
      "accession": "GSE227835",
      "contrast": "untreated_mg_vs_healthy_control",
      "interpretation_scope": "primary disease-control: AChR-positive MG plus seronegative pre-treatment MG vs healthy controls",
      "marker_compartment": "marker_t_cell_like",
      "module": "ifng_hlaii_cd74",
      "metric": "mean_score",
      "n_case_donors": 20,
      "n_control_donors": 10,
      "mean_case": 0.04003059747124581,
      "mean_control": 0.005079203873781461,
      "delta_case_minus_control": 0.034951393597464346,
      "hedges_g": 0.5019835486345423,
      "welch_t": 1.490554405404664,
      "p": 0.14896042244102314,
      "fdr": 0.32841667939753133
    },
    {
      "accession": "GSE227835",
      "contrast": "seronegative_mg_pre_vs_healthy_control",
      "interpretation_scope": "subtype disease-control: seronegative MG pre-treatment vs healthy controls",
      "marker_compartment": "marker_myeloid_apc_like",
      "module": "complement_phagocytosis",
      "metric": "mean_score",
      "n_case_donors": 10,
      "n_control_donors": 10,
      "mean_case": 0.058529270299311445,
      "mean_control": 0.002037426760764309,
      "delta_case_minus_control": 0.05649184353854714,
      "hedges_g": 0.5973155863542106,
      "welch_t": 1.3945634722452855,
      "p": 0.1854652627701787,
      "fdr": 0.36491477143556866
    }
  ],
  "top_positive_primary_candidate_gene_results": [
    {
      "accession": "GSE227835",
      "contrast": "untreated_mg_vs_healthy_control",
      "interpretation_scope": "primary disease-control: AChR-positive MG plus seronegative pre-treatment MG vs healthy controls",
      "marker_compartment": "marker_myeloid_apc_like",
      "gene": "PLIN2",
      "metric": "mean_log_norm",
      "n_case_donors": 20,
      "n_control_donors": 10,
      "mean_case": 0.3782981580772183,
      "mean_control": 0.21829547328004187,
      "delta_case_minus_control": 0.16000268479717641,
      "hedges_g": 1.526837499445961,
      "welch_t": 5.212072293715426,
      "p": 1.674170672445115e-05,
      "fdr": 0.008785698974933743
    },
    {
      "accession": "GSE227835",
      "contrast": "untreated_mg_vs_healthy_control",
      "interpretation_scope": "primary disease-control: AChR-positive MG plus seronegative pre-treatment MG vs healthy controls",
      "marker_compartment": "marker_b_cell_apc_like",
      "gene": "IFI30",
      "metric": "mean_log_norm",
      "n_case_donors": 20,
      "n_control_donors": 10,
      "mean_case": 0.2652477423555043,
      "mean_control": 0.14582099298126183,
      "delta_case_minus_control": 0.11942674937424247,
      "hedges_g": 1.5101949154716114,
      "welch_t": 5.021840694207042,
      "p": 2.6273010813791944e-05,
      "fdr": 0.008785698974933743
    },
    {
      "accession": "GSE227835",
      "contrast": "untreated_mg_vs_healthy_control",
      "interpretation_scope": "primary disease-control: AChR-positive MG plus seronegative pre-treatment MG vs healthy controls",
      "marker_compartment": "marker_b_cell_apc_like",
      "gene": "CTSB",
      "metric": "mean_log_norm",
      "n_case_donors": 20,
      "n_control_donors": 10,
      "mean_case": 0.08320080604759592,
      "mean_control": 0.058706313817092994,
      "delta_case_minus_control": 0.024494492230502922,
      "hedges_g": 1.5212185823714601,
      "welch_t": 4.782510159198825,
      "p": 5.421690381481441e-05,
      "fdr": 0.015180733068148036
    },
    {
      "accession": "GSE227835",
      "contrast": "seronegative_mg_pre_vs_healthy_control",
      "interpretation_scope": "subtype disease-control: seronegative MG pre-treatment vs healthy controls",
      "marker_compartment": "marker_myeloid_apc_like",
      "gene": "PLIN2",
      "metric": "mean_log_norm",
      "n_case_donors": 10,
      "n_control_donors": 10,
      "mean_case": 0.45804736904127913,
      "mean_control": 0.21829547328004187,
      "delta_case_minus_control": 0.23975189576123726,
      "hedges_g": 2.4917886124457773,
      "welch_t": 5.817623813708724,
      "p": 8.910782127357059e-05,
      "fdr": 0.017932530928653247
    },
    {
      "accession": "GSE227835",
      "contrast": "achr_positive_mg_vs_healthy_control",
      "interpretation_scope": "subtype disease-control: AChR-positive MG vs healthy controls",
      "marker_compartment": "marker_t_cell_like",
      "gene": "PLIN2",
      "metric": "mean_log_norm",
      "n_case_donors": 10,
      "n_control_donors": 10,
      "mean_case": 0.18189492891802797,
      "mean_control": 0.1428232116877305,
      "delta_case_minus_control": 0.03907171723029748,
      "hedges_g": 2.139677707556357,
      "welch_t": 4.995544133626793,
      "p": 0.00010064175521182943,
      "fdr": 0.017932530928653247
    },
    {
      "accession": "GSE227835",
      "contrast": "untreated_mg_vs_healthy_control",
      "interpretation_scope": "primary disease-control: AChR-positive MG plus seronegative pre-treatment MG vs healthy controls",
      "marker_compartment": "marker_t_cell_like",
      "gene": "PLIN2",
      "metric": "mean_log_norm",
      "n_case_donors": 20,
      "n_control_donors": 10,
      "mean_case": 0.17457723826206414,
      "mean_control": 0.1428232116877305,
      "delta_case_minus_control": 0.031754026574333655,
      "hedges_g": 1.3956543237525907,
      "welch_t": 4.252178271290514,
      "p": 0.0002468656341970258,
      "fdr": 0.03625617293658897
    },
    {
      "accession": "GSE227835",
      "contrast": "achr_positive_mg_vs_healthy_control",
      "interpretation_scope": "subtype disease-control: AChR-positive MG vs healthy controls",
      "marker_compartment": "marker_myeloid_apc_like",
      "gene": "IRF1",
      "metric": "mean_log_norm",
      "n_case_donors": 10,
      "n_control_donors": 10,
      "mean_case": 0.9054570574991143,
      "mean_control": 0.6721697674258473,
      "delta_case_minus_control": 0.23328729007326698,
      "hedges_g": 1.9121312096503247,
      "welch_t": 4.464287221089249,
      "p": 0.0003365735689245167,
      "fdr": 0.04123026219325329
    },
    {
      "accession": "GSE227835",
      "contrast": "seronegative_mg_pre_vs_healthy_control",
      "interpretation_scope": "subtype disease-control: seronegative MG pre-treatment vs healthy controls",
      "marker_compartment": "marker_b_cell_apc_like",
      "gene": "CTSB",
      "metric": "mean_log_norm",
      "n_case_donors": 10,
      "n_control_donors": 10,
      "mean_case": 0.08984362658358461,
      "mean_control": 0.058706313817092994,
      "delta_case_minus_control": 0.031137312766491614,
      "hedges_g": 1.932324775378375,
      "welch_t": 4.511433503192163,
      "p": 0.0005058762201199164,
      "fdr": 0.04401056194613596
    },
    {
      "accession": "GSE227835",
      "contrast": "achr_positive_mg_vs_healthy_control",
      "interpretation_scope": "subtype disease-control: AChR-positive MG vs healthy controls",
      "marker_compartment": "marker_myeloid_apc_like",
      "gene": "PLIN2",
      "metric": "mean_log_norm",
      "n_case_donors": 10,
      "n_control_donors": 10,
      "mean_case": 0.2985489471131574,
      "mean_control": 0.21829547328004187,
      "delta_case_minus_control": 0.08025347383311551,
      "hedges_g": 1.8275897315243803,
      "welch_t": 4.266906707375095,
      "p": 0.0005568722358142534,
      "fdr": 0.04401056194613596
    },
    {
      "accession": "GSE227835",
      "contrast": "achr_positive_mg_vs_healthy_control",
      "interpretation_scope": "subtype disease-control: AChR-positive MG vs healthy controls",
      "marker_compartment": "marker_b_cell_apc_like",
      "gene": "IFI30",
      "metric": "mean_log_norm",
      "n_case_donors": 10,
      "n_control_donors": 10,
      "mean_case": 0.2638184079049736,
      "mean_control": 0.14582099298126183,
      "delta_case_minus_control": 0.11799741492371174,
      "hedges_g": 1.891710622716928,
      "welch_t": 4.41661090848381,
      "p": 0.0005754027022906613,
      "fdr": 0.04401056194613596
    },
    {
      "accession": "GSE227835",
      "contrast": "achr_positive_mg_vs_healthy_control",
      "interpretation_scope": "subtype disease-control: AChR-positive MG vs healthy controls",
      "marker_compartment": "marker_b_cell_apc_like",
      "gene": "CXorf21",
      "metric": "mean_log_norm",
      "n_case_donors": 10,
      "n_control_donors": 10,
      "mean_case": 0.06413944798352891,
      "mean_control": 0.03921011087953914,
      "delta_case_minus_control": 0.02492933710398977,
      "hedges_g": 1.58412717019022,
      "welch_t": 3.698490274500432,
      "p": 0.0016496472863314353,
      "fdr": 0.08388083179058145
    },
    {
      "accession": "GSE227835",
      "contrast": "achr_positive_mg_vs_healthy_control",
      "interpretation_scope": "subtype disease-control: AChR-positive MG vs healthy controls",
      "marker_compartment": "marker_b_cell_apc_like",
      "gene": "TASL",
      "metric": "mean_log_norm",
      "n_case_donors": 10,
      "n_control_donors": 10,
      "mean_case": 0.06413944798352891,
      "mean_control": 0.03921011087953914,
      "delta_case_minus_control": 0.02492933710398977,
      "hedges_g": 1.58412717019022,
      "welch_t": 3.698490274500432,
      "p": 0.0016496472863314353,
      "fdr": 0.08388083179058145
    },
    {
      "accession": "GSE227835",
      "contrast": "untreated_mg_vs_healthy_control",
      "interpretation_scope": "primary disease-control: AChR-positive MG plus seronegative pre-treatment MG vs healthy controls",
      "marker_compartment": "marker_myeloid_apc_like",
      "gene": "CARD9",
      "metric": "mean_log_norm",
      "n_case_donors": 20,
      "n_control_donors": 10,
      "mean_case": 0.11147815454413283,
      "mean_control": 0.08684829629479955,
      "delta_case_minus_control": 0.02462985824933328,
      "hedges_g": 1.4274794701732176,
      "welch_t": 3.711097345283195,
      "p": 0.001711853710011866,
      "fdr": 0.08388083179058145
    },
    {
      "accession": "GSE227835",
      "contrast": "achr_positive_mg_vs_healthy_control",
      "interpretation_scope": "subtype disease-control: AChR-positive MG vs healthy controls",
      "marker_compartment": "marker_t_cell_like",
      "gene": "CTSS",
      "metric": "mean_log_norm",
      "n_case_donors": 10,
      "n_control_donors": 10,
      "mean_case": 0.5413250852133867,
      "mean_control": 0.4603436192359517,
      "delta_case_minus_control": 0.08098146597743505,
      "hedges_g": 1.5881563651096984,
      "welch_t": 3.7078973085468014,
      "p": 0.0018317296292442466,
      "fdr": 0.0875656115443591
    },
    {
      "accession": "GSE227835",
      "contrast": "achr_positive_mg_vs_healthy_control",
      "interpretation_scope": "subtype disease-control: AChR-positive MG vs healthy controls",
      "marker_compartment": "marker_myeloid_apc_like",
      "gene": "CARD9",
      "metric": "mean_log_norm",
      "n_case_donors": 10,
      "n_control_donors": 10,
      "mean_case": 0.1135918118776807,
      "mean_control": 0.08684829629479955,
      "delta_case_minus_control": 0.026743515582881155,
      "hedges_g": 1.4763084733968437,
      "welch_t": 3.4467640185510895,
      "p": 0.0028779274757605067,
      "fdr": 0.11281475704981186
    },
    {
      "accession": "GSE227835",
      "contrast": "untreated_mg_vs_healthy_control",
      "interpretation_scope": "primary disease-control: AChR-positive MG plus seronegative pre-treatment MG vs healthy controls",
      "marker_compartment": "marker_b_cell_apc_like",
      "gene": "CXorf21",
      "metric": "mean_log_norm",
      "n_case_donors": 20,
      "n_control_donors": 10,
      "mean_case": 0.05907463763759069,
      "mean_control": 0.03921011087953914,
      "delta_case_minus_control": 0.019864526758051546,
      "hedges_g": 1.364478940775632,
      "welch_t": 3.4599225626131465,
      "p": 0.003197756102338656,
      "fdr": 0.11332489054835236
    },
    {
      "accession": "GSE227835",
      "contrast": "untreated_mg_vs_healthy_control",
      "interpretation_scope": "primary disease-control: AChR-positive MG plus seronegative pre-treatment MG vs healthy controls",
      "marker_compartment": "marker_b_cell_apc_like",
      "gene": "TASL",
      "metric": "mean_log_norm",
      "n_case_donors": 20,
      "n_control_donors": 10,
      "mean_case": 0.05907463763759069,
      "mean_control": 0.03921011087953914,
      "delta_case_minus_control": 0.019864526758051546,
      "hedges_g": 1.364478940775632,
      "welch_t": 3.4599225626131465,
      "p": 0.003197756102338656,
      "fdr": 0.11332489054835236
    },
    {
      "accession": "GSE227835",
      "contrast": "seronegative_mg_pre_vs_healthy_control",
      "interpretation_scope": "subtype disease-control: seronegative MG pre-treatment vs healthy controls",
      "marker_compartment": "marker_nk_like",
      "gene": "PLIN2",
      "metric": "mean_log_norm",
      "n_case_donors": 10,
      "n_control_donors": 10,
      "mean_case": 0.19980456148565123,
      "mean_control": 0.15168218094489982,
      "delta_case_minus_control": 0.04812238054075141,
      "hedges_g": 1.4455058772632532,
      "welch_t": 3.3748486418229886,
      "p": 0.003625215726888885,
      "fdr": 0.11825658116398328
    },
    {
      "accession": "GSE227835",
      "contrast": "achr_positive_mg_vs_healthy_control",
      "interpretation_scope": "subtype disease-control: AChR-positive MG vs healthy controls",
      "marker_compartment": "marker_myeloid_apc_like",
      "gene": "CXCL10",
      "metric": "mean_log_norm",
      "n_case_donors": 10,
      "n_control_donors": 10,
      "mean_case": 0.017194760517523475,
      "mean_control": 0.00648727186148061,
      "delta_case_minus_control": 0.010707488656042865,
      "hedges_g": 1.4841429923126723,
      "welch_t": 3.4650554111620124,
      "p": 0.0036804344137770307,
      "fdr": 0.11825658116398328
    },
    {
      "accession": "GSE227835",
      "contrast": "achr_positive_mg_vs_healthy_control",
      "interpretation_scope": "subtype disease-control: AChR-positive MG vs healthy controls",
      "marker_compartment": "marker_b_cell_apc_like",
      "gene": "CTSB",
      "metric": "mean_log_norm",
      "n_case_donors": 10,
      "n_control_donors": 10,
      "mean_case": 0.07655798551160722,
      "mean_control": 0.058706313817092994,
      "delta_case_minus_control": 0.01785167169451423,
      "hedges_g": 1.4055538400116807,
      "welch_t": 3.2815718999035397,
      "p": 0.004484918561269748,
      "fdr": 0.12414894277662834
    },
    {
      "accession": "GSE227835",
      "contrast": "achr_positive_mg_vs_healthy_control",
      "interpretation_scope": "subtype disease-control: AChR-positive MG vs healthy controls",
      "marker_compartment": "marker_b_cell_apc_like",
      "gene": "CTSS",
      "metric": "mean_log_norm",
      "n_case_donors": 10,
      "n_control_donors": 10,
      "mean_case": 1.1214741297146262,
      "mean_control": 1.0217862641903794,
      "delta_case_minus_control": 0.0996878655242468,
      "hedges_g": 1.3828546050878425,
      "welch_t": 3.228575586738647,
      "p": 0.005648521378707384,
      "fdr": 0.13923893603280532
    },
    {
      "accession": "GSE227835",
      "contrast": "seronegative_mg_pre_vs_healthy_control",
      "interpretation_scope": "subtype disease-control: seronegative MG pre-treatment vs healthy controls",
      "marker_compartment": "marker_b_cell_apc_like",
      "gene": "IRF5",
      "metric": "mean_log_norm",
      "n_case_donors": 10,
      "n_control_donors": 10,
      "mean_case": 0.051004129478245966,
      "mean_control": 0.032111172112154876,
      "delta_case_minus_control": 0.01889295736609109,
      "hedges_g": 1.340401218052707,
      "welch_t": 3.1294588983668428,
      "p": 0.005794453855110252,
      "fdr": 0.13923893603280532
    },
    {
      "accession": "GSE227835",
      "contrast": "seronegative_mg_pre_vs_healthy_control",
      "interpretation_scope": "subtype disease-control: seronegative MG pre-treatment vs healthy controls",
      "marker_compartment": "marker_b_cell_apc_like",
      "gene": "IFI30",
      "metric": "mean_log_norm",
      "n_case_donors": 10,
      "n_control_donors": 10,
      "mean_case": 0.266677076806035,
      "mean_control": 0.14582099298126183,
      "delta_case_minus_control": 0.12085608382477314,
      "hedges_g": 1.437310826762876,
      "welch_t": 3.355715509619312,
      "p": 0.005947088346269443,
      "fdr": 0.13923893603280532
    },
    {
      "accession": "GSE227835",
      "contrast": "achr_positive_mg_vs_healthy_control",
      "interpretation_scope": "subtype disease-control: AChR-positive MG vs healthy controls",
      "marker_compartment": "marker_nk_like",
      "gene": "CXorf21",
      "metric": "mean_log_norm",
      "n_case_donors": 10,
      "n_control_donors": 10,
      "mean_case": 0.007648317281983763,
      "mean_control": 0.004367666603826617,
      "delta_case_minus_control": 0.0032806506781571454,
      "hedges_g": 1.3497980931249784,
      "welch_t": 3.151397952073825,
      "p": 0.007949093630843332,
      "fdr": 0.16709207683174468
    },
    {
      "accession": "GSE227835",
      "contrast": "achr_positive_mg_vs_healthy_control",
      "interpretation_scope": "subtype disease-control: AChR-positive MG vs healthy controls",
      "marker_compartment": "marker_nk_like",
      "gene": "TASL",
      "metric": "mean_log_norm",
      "n_case_donors": 10,
      "n_control_donors": 10,
      "mean_case": 0.007648317281983763,
      "mean_control": 0.004367666603826617,
      "delta_case_minus_control": 0.0032806506781571454,
      "hedges_g": 1.3497980931249784,
      "welch_t": 3.151397952073825,
      "p": 0.007949093630843332,
      "fdr": 0.16709207683174468
    },
    {
      "accession": "GSE227835",
      "contrast": "seronegative_mg_pre_vs_healthy_control",
      "interpretation_scope": "subtype disease-control: seronegative MG pre-treatment vs healthy controls",
      "marker_compartment": "marker_myeloid_apc_like",
      "gene": "CARD9",
      "metric": "mean_log_norm",
      "n_case_donors": 10,
      "n_control_donors": 10,
      "mean_case": 0.10936449721058498,
      "mean_control": 0.08684829629479955,
      "delta_case_minus_control": 0.022516200915785434,
      "hedges_g": 1.277490294927107,
      "welch_t": 2.982579631526204,
      "p": 0.008013599603155102,
      "fdr": 0.16709207683174468
    },
    {
      "accession": "GSE227835",
      "contrast": "seronegative_mg_pre_vs_healthy_control",
      "interpretation_scope": "subtype disease-control: seronegative MG pre-treatment vs healthy controls",
      "marker_compartment": "marker_myeloid_apc_like",
      "gene": "CTSB",
      "metric": "mean_log_norm",
      "n_case_donors": 10,
      "n_control_donors": 10,
      "mean_case": 1.1920237354687333,
      "mean_control": 0.9822959422786018,
      "delta_case_minus_control": 0.20972779319013146,
      "hedges_g": 1.2734990741385939,
      "welch_t": 2.973261256368276,
      "p": 0.008252249831168682,
      "fdr": 0.16774413573462466
    },
    {
      "accession": "GSE227835",
      "contrast": "seronegative_mg_pre_vs_healthy_control",
      "interpretation_scope": "subtype disease-control: seronegative MG pre-treatment vs healthy controls",
      "marker_compartment": "marker_b_cell_apc_like",
      "gene": "FABP5",
      "metric": "mean_log_norm",
      "n_case_donors": 10,
      "n_control_donors": 10,
      "mean_case": 0.15842259013104254,
      "mean_control": 0.08132811981302454,
      "delta_case_minus_control": 0.077094470318018,
      "hedges_g": 1.3714147131140206,
      "welch_t": 3.201866664625131,
      "p": 0.009028739888190493,
      "fdr": 0.17392196534518978
    },
    {
      "accession": "GSE227835",
      "contrast": "untreated_mg_vs_healthy_control",
      "interpretation_scope": "primary disease-control: AChR-positive MG plus seronegative pre-treatment MG vs healthy controls",
      "marker_compartment": "marker_b_cell_apc_like",
      "gene": "SLC15A4",
      "metric": "mean_log_norm",
      "n_case_donors": 20,
      "n_control_donors": 10,
      "mean_case": 0.09630365470681544,
      "mean_control": 0.07420868025063893,
      "delta_case_minus_control": 0.022094974456176517,
      "hedges_g": 1.2467756915583805,
      "welch_t": 3.014638766495321,
      "p": 0.009051041053678243,
      "fdr": 0.17392196534518978
    },
    {
      "accession": "GSE227835",
      "contrast": "untreated_mg_vs_healthy_control",
      "interpretation_scope": "primary disease-control: AChR-positive MG plus seronegative pre-treatment MG vs healthy controls",
      "marker_compartment": "marker_nk_like",
      "gene": "CARD9",
      "metric": "mean_log_norm",
      "n_case_donors": 20,
      "n_control_donors": 10,
      "mean_case": 0.004078089661395518,
      "mean_control": 0.0026880336792302465,
      "delta_case_minus_control": 0.0013900559821652717,
      "hedges_g": 0.996514486890949,
      "welch_t": 2.8499265922860313,
      "p": 0.00928830271231901,
      "fdr": 0.1750487818860121
    }
  ],
  "negative_primary_module_trends_p_le_0_10": [
    {
      "accession": "GSE227835",
      "contrast": "seronegative_mg_pre_vs_healthy_control",
      "interpretation_scope": "subtype disease-control: seronegative MG pre-treatment vs healthy controls",
      "marker_compartment": "marker_plasmablast_like",
      "module": "complement_phagocytosis",
      "metric": "mean_score",
      "n_case_donors": 10,
      "n_control_donors": 10,
      "mean_case": -0.04721418860533891,
      "mean_control": 0.006055458166452714,
      "delta_case_minus_control": -0.05326964677179162,
      "hedges_g": -1.955249445716897,
      "welch_t": -4.56495614448552,
      "p": 0.00024165386254895862,
      "fdr": 0.011277180252284736
    },
    {
      "accession": "GSE227835",
      "contrast": "seronegative_mg_pre_vs_healthy_control",
      "interpretation_scope": "subtype disease-control: seronegative MG pre-treatment vs healthy controls",
      "marker_compartment": "marker_b_cell_apc_like",
      "module": "hla_ii_cd74",
      "metric": "mean_score",
      "n_case_donors": 10,
      "n_control_donors": 10,
      "mean_case": -0.25665579907727487,
      "mean_control": 0.006670118804296181,
      "delta_case_minus_control": -0.26332591788157106,
      "hedges_g": -1.756954694397708,
      "welch_t": -4.1019938122692015,
      "p": 0.0006979634894996614,
      "fdr": 0.0162858147549921
    },
    {
      "accession": "GSE227835",
      "contrast": "untreated_mg_vs_healthy_control",
      "interpretation_scope": "primary disease-control: AChR-positive MG plus seronegative pre-treatment MG vs healthy controls",
      "marker_compartment": "marker_plasmablast_like",
      "module": "complement_phagocytosis",
      "metric": "mean_score",
      "n_case_donors": 20,
      "n_control_donors": 10,
      "mean_case": -0.032253567404353777,
      "mean_control": 0.006055458166452714,
      "delta_case_minus_control": -0.03830902557080649,
      "hedges_g": -1.3204378909081136,
      "welch_t": -3.687718597025352,
      "p": 0.0013887885360987207,
      "fdr": 0.024515016059368847
    },
    {
      "accession": "GSE227835",
      "contrast": "seronegative_mg_pre_vs_healthy_control",
      "interpretation_scope": "subtype disease-control: seronegative MG pre-treatment vs healthy controls",
      "marker_compartment": "marker_b_cell_apc_like",
      "module": "ifng_hlaii_cd74",
      "metric": "mean_score",
      "n_case_donors": 10,
      "n_control_donors": 10,
      "mean_case": -0.1305961275076714,
      "mean_control": 0.007318258498971268,
      "delta_case_minus_control": -0.1379143860066427,
      "hedges_g": -1.6182253130322872,
      "welch_t": -3.7780998235650887,
      "p": 0.0014008580605353626,
      "fdr": 0.024515016059368847
    },
    {
      "accession": "GSE227835",
      "contrast": "seronegative_mg_pre_vs_healthy_control",
      "interpretation_scope": "subtype disease-control: seronegative MG pre-treatment vs healthy controls",
      "marker_compartment": "marker_plasmablast_like",
      "module": "lysosomal_apc",
      "metric": "mean_score",
      "n_case_donors": 10,
      "n_control_donors": 10,
      "mean_case": -0.12159189744242908,
      "mean_control": 0.011515022486577644,
      "delta_case_minus_control": -0.13310691992900672,
      "hedges_g": -1.135440979427714,
      "welch_t": -2.650934532723396,
      "p": 0.01726292069685358,
      "fdr": 0.10741372878042227
    },
    {
      "accession": "GSE227835",
      "contrast": "seronegative_mg_pre_vs_healthy_control",
      "interpretation_scope": "subtype disease-control: seronegative MG pre-treatment vs healthy controls",
      "marker_compartment": "marker_plasmablast_like",
      "module": "ifng_hlaii_cd74",
      "metric": "mean_score",
      "n_case_donors": 10,
      "n_control_donors": 10,
      "mean_case": -0.11511160515820633,
      "mean_control": 0.0060845638428027446,
      "delta_case_minus_control": -0.12119616900100907,
      "hedges_g": -1.069771725831365,
      "welch_t": -2.4976153419852962,
      "p": 0.02328365539099737,
      "fdr": 0.12081340918496203
    },
    {
      "accession": "GSE227835",
      "contrast": "seronegative_mg_pre_vs_healthy_control",
      "interpretation_scope": "subtype disease-control: seronegative MG pre-treatment vs healthy controls",
      "marker_compartment": "marker_plasmablast_like",
      "module": "hla_ii_cd74",
      "metric": "mean_score",
      "n_case_donors": 10,
      "n_control_donors": 10,
      "mean_case": -0.21788778317657204,
      "mean_control": 0.007185483747140403,
      "delta_case_minus_control": -0.22507326692371243,
      "hedges_g": -1.0061391113417892,
      "welch_t": -2.34905112930124,
      "p": 0.030462456539291517,
      "fdr": 0.13757238437099395
    },
    {
      "accession": "GSE227835",
      "contrast": "seronegative_mg_pre_vs_healthy_control",
      "interpretation_scope": "subtype disease-control: seronegative MG pre-treatment vs healthy controls",
      "marker_compartment": "marker_plasmablast_like",
      "module": "mixscale_validated_ifng_readout",
      "metric": "mean_score",
      "n_case_donors": 10,
      "n_control_donors": 10,
      "mean_case": -0.13460306358797164,
      "mean_control": 0.011941120726849622,
      "delta_case_minus_control": -0.14654418431482125,
      "hedges_g": -0.9902186492476065,
      "welch_t": -2.311881339319154,
      "p": 0.03357019200920295,
      "fdr": 0.1446100578857973
    },
    {
      "accession": "GSE227835",
      "contrast": "untreated_mg_vs_healthy_control",
      "interpretation_scope": "primary disease-control: AChR-positive MG plus seronegative pre-treatment MG vs healthy controls",
      "marker_compartment": "marker_b_cell_apc_like",
      "module": "hla_ii_cd74",
      "metric": "mean_score",
      "n_case_donors": 20,
      "n_control_donors": 10,
      "mean_case": -0.12805098715907154,
      "mean_control": 0.006670118804296181,
      "delta_case_minus_control": -0.13472110596336773,
      "hedges_g": -0.7428770595189296,
      "welch_t": -2.236989508946497,
      "p": 0.03442238118694827,
      "fdr": 0.14603434442947752
    },
    {
      "accession": "GSE227835",
      "contrast": "achr_positive_mg_vs_healthy_control",
      "interpretation_scope": "subtype disease-control: AChR-positive MG vs healthy controls",
      "marker_compartment": "marker_plasmablast_like",
      "module": "complement_phagocytosis",
      "metric": "mean_score",
      "n_case_donors": 10,
      "n_control_donors": 10,
      "mean_case": -0.01729294620336865,
      "mean_control": 0.006055458166452714,
      "delta_case_minus_control": -0.023348404369821364,
      "hedges_g": -0.8892736762382145,
      "welch_t": -2.07620329025816,
      "p": 0.05248138103716014,
      "fdr": 0.1863425536952091
    },
    {
      "accession": "GSE227835",
      "contrast": "seronegative_mg_pre_vs_healthy_control",
      "interpretation_scope": "subtype disease-control: seronegative MG pre-treatment vs healthy controls",
      "marker_compartment": "marker_nk_like",
      "module": "mixscale_validated_ifng_readout",
      "metric": "mean_score",
      "n_case_donors": 10,
      "n_control_donors": 10,
      "mean_case": -0.0765737946761762,
      "mean_control": 0.0073702095926256525,
      "delta_case_minus_control": -0.08394400426880186,
      "hedges_g": -0.8788743669258433,
      "welch_t": -2.0519238352515843,
      "p": 0.05501619487309737,
      "fdr": 0.18745440341631414
    },
    {
      "accession": "GSE227835",
      "contrast": "seronegative_mg_pre_vs_healthy_control",
      "interpretation_scope": "subtype disease-control: seronegative MG pre-treatment vs healthy controls",
      "marker_compartment": "marker_plasmablast_like",
      "module": "lipid_loader_repair",
      "metric": "mean_score",
      "n_case_donors": 10,
      "n_control_donors": 10,
      "mean_case": -0.029865733013327168,
      "mean_control": 0.004164281340100345,
      "delta_case_minus_control": -0.034030014353427514,
      "hedges_g": -0.885004162521207,
      "welch_t": -2.0662351795809704,
      "p": 0.055516672155856914,
      "fdr": 0.18745440341631414
    },
    {
      "accession": "GSE227835",
      "contrast": "untreated_mg_vs_healthy_control",
      "interpretation_scope": "primary disease-control: AChR-positive MG plus seronegative pre-treatment MG vs healthy controls",
      "marker_compartment": "marker_plasmablast_like",
      "module": "hla_ii_cd74",
      "metric": "mean_score",
      "n_case_donors": 20,
      "n_control_donors": 10,
      "mean_case": -0.14432935184285278,
      "mean_control": 0.007185483747140403,
      "delta_case_minus_control": -0.15151483558999318,
      "hedges_g": -0.7148734879397772,
      "welch_t": -1.8390040846988884,
      "p": 0.08375934936609457,
      "fdr": 0.23452617822506477
    }
  ],
  "module_support_summary": [
    {
      "module": "lysosomal_apc",
      "n_primary_tests": 15,
      "n_fdr10_positive_tests": 3,
      "n_trend_or_better_tests": 4,
      "n_negative_trend_tests": 1,
      "best_positive_hedges_g": 2.2518720120336972,
      "supporting_compartment_contrasts": "untreated_mg_vs_healthy_control:marker_b_cell_apc_like:g=1.729;achr_positive_mg_vs_healthy_control:marker_b_cell_apc_like:g=2.252;achr_positive_mg_vs_healthy_control:marker_t_cell_like:g=1.017;seronegative_mg_pre_vs_healthy_control:marker_b_cell_apc_like:g=1.332",
      "negative_compartment_contrasts": "seronegative_mg_pre_vs_healthy_control:marker_plasmablast_like:g=-1.135"
    },
    {
      "module": "mixscale_validated_ifng_readout",
      "n_primary_tests": 15,
      "n_fdr10_positive_tests": 2,
      "n_trend_or_better_tests": 3,
      "n_negative_trend_tests": 2,
      "best_positive_hedges_g": 1.5350840675840682,
      "supporting_compartment_contrasts": "achr_positive_mg_vs_healthy_control:marker_b_cell_apc_like:g=1.193;achr_positive_mg_vs_healthy_control:marker_nk_like:g=0.819;achr_positive_mg_vs_healthy_control:marker_t_cell_like:g=1.535",
      "negative_compartment_contrasts": "seronegative_mg_pre_vs_healthy_control:marker_nk_like:g=-0.879;seronegative_mg_pre_vs_healthy_control:marker_plasmablast_like:g=-0.99"
    },
    {
      "module": "lipid_loader_repair",
      "n_primary_tests": 15,
      "n_fdr10_positive_tests": 1,
      "n_trend_or_better_tests": 7,
      "n_negative_trend_tests": 1,
      "best_positive_hedges_g": 1.6472710342105108,
      "supporting_compartment_contrasts": "untreated_mg_vs_healthy_control:marker_b_cell_apc_like:g=0.648;untreated_mg_vs_healthy_control:marker_myeloid_apc_like:g=0.765;untreated_mg_vs_healthy_control:marker_t_cell_like:g=0.705;achr_positive_mg_vs_healthy_control:marker_t_cell_like:g=0.95;seronegative_mg_pre_vs_healthy_control:marker_b_cell_apc_like:g=1.167;seronegative_mg_pre_vs_healthy_control:marker_myeloid_apc_like:g=1.647;seronegative_mg_pre_vs_healthy_control:marker_nk_like:g=0.787",
      "negative_compartment_contrasts": "seronegative_mg_pre_vs_healthy_control:marker_plasmablast_like:g=-0.885"
    },
    {
      "module": "ifng_hlaii_cd74",
      "n_primary_tests": 15,
      "n_fdr10_positive_tests": 1,
      "n_trend_or_better_tests": 1,
      "n_negative_trend_tests": 2,
      "best_positive_hedges_g": 1.6439953822377582,
      "supporting_compartment_contrasts": "achr_positive_mg_vs_healthy_control:marker_t_cell_like:g=1.644",
      "negative_compartment_contrasts": "seronegative_mg_pre_vs_healthy_control:marker_b_cell_apc_like:g=-1.618;seronegative_mg_pre_vs_healthy_control:marker_plasmablast_like:g=-1.07"
    },
    {
      "module": "hla_ii_cd74",
      "n_primary_tests": 15,
      "n_fdr10_positive_tests": 1,
      "n_trend_or_better_tests": 1,
      "n_negative_trend_tests": 4,
      "best_positive_hedges_g": 1.3873551742559689,
      "supporting_compartment_contrasts": "achr_positive_mg_vs_healthy_control:marker_t_cell_like:g=1.387",
      "negative_compartment_contrasts": "untreated_mg_vs_healthy_control:marker_b_cell_apc_like:g=-0.743;untreated_mg_vs_healthy_control:marker_plasmablast_like:g=-0.715;seronegative_mg_pre_vs_healthy_control:marker_b_cell_apc_like:g=-1.757;seronegative_mg_pre_vs_healthy_control:marker_plasmablast_like:g=-1.006"
    },
    {
      "module": "slc15a4_tasl_branch",
      "n_primary_tests": 15,
      "n_fdr10_positive_tests": 0,
      "n_trend_or_better_tests": 2,
      "n_negative_trend_tests": 0,
      "best_positive_hedges_g": 1.066505005287892,
      "supporting_compartment_contrasts": "untreated_mg_vs_healthy_control:marker_b_cell_apc_like:g=0.751;achr_positive_mg_vs_healthy_control:marker_b_cell_apc_like:g=1.067",
      "negative_compartment_contrasts": ""
    },
    {
      "module": "complement_phagocytosis",
      "n_primary_tests": 15,
      "n_fdr10_positive_tests": 0,
      "n_trend_or_better_tests": 0,
      "n_negative_trend_tests": 3,
      "best_positive_hedges_g": NaN,
      "supporting_compartment_contrasts": "",
      "negative_compartment_contrasts": "untreated_mg_vs_healthy_control:marker_plasmablast_like:g=-1.32;achr_positive_mg_vs_healthy_control:marker_plasmablast_like:g=-0.889;seronegative_mg_pre_vs_healthy_control:marker_plasmablast_like:g=-1.955"
    }
  ],
  "guardrails": [
    "GEO sample disease states are curated metadata; cell compartments are marker-derived because no curated cell labels are supplied in the GEO supplement.",
    "Statistics are donor/sample-level Welch tests after cell-level scores are aggregated; cells are not treated as independent disease replicates.",
    "Seronegative post-treatment contrasts are secondary treated-state checks and are not used as primary disease-control evidence.",
    "PBMC recurrence can support systemic immune breadth, but it does not establish neuromuscular-junction tissue causality in myasthenia gravis."
  ]
}
