  % Total    % Received % Xferd  Average Speed   Time    Time     Time  Current
                                 Dload  Upload   Total   Spent    Left  Speed
  0     0    0     0    0     0      0      0 --:--:-- --:--:-- --:--:--     0  0 30.2M    0     0    0     0      0      0 --:--:-- --:--:-- --:--:--     0
HTTP/1.1 200 OK
server: nginx
content-type: application/octet-stream
content-length: 31708859
content-security-policy: default-src 'self' fonts.googleapis.com *.gstatic.com data: 'unsafe-inline' 'unsafe-eval' blob: zenodo-broker.web.cern.ch zenodo-broker-qa.web.cern.ch maxcdn.bootstrapcdn.com cdnjs.cloudflare.com ajax.googleapis.com webanalytics.web.cern.ch
x-content-type-options: nosniff
x-download-options: noopen
x-permitted-cross-domain-policies: none
x-frame-options: sameorigin
x-xss-protection: 1; mode=block
content-disposition: attachment; filename=eur_w_ld_chr.tgz
last-modified: Thu, 02 Oct 2025 23:48:34 GMT
date: Fri, 05 Jun 2026 22:36:34 GMT
link: <https://zenodo.org/records/14993076> ; rel="collection" ; type="text/html" , <https://zenodo.org/api/records/14993076> ; rel="linkset" ; type="application/linkset+json"
x-ratelimit-limit: 133
x-ratelimit-remaining: 130
x-ratelimit-reset: 1780699034
retry-after: 39
permissions-policy: interest-cohort=()
strict-transport-security: max-age=31556926; includeSubDomains
referrer-policy: strict-origin-when-cross-origin
set-cookie: session=5be97af9cb49d2e2_6a234f72.vROBj6KLdhOR3zt1S1MfYtdaOos; Expires=Wed, 10 Jun 2026 22:36:34 GMT; Secure; HttpOnly; Path=/; SameSite=Lax
x-source: ui

