Wrote /Users/soeren.leibach/Projects/ms-auto-research/data/derived_v3/state_parse_split4_manifest.tsv
{
  "seed": 20260526,
  "n_evidence_rows": 6687,
  "n_genes": 3184,
  "top_genes": [
    "NAMPT",
    "IFI30",
    "CXCL10",
    "C1QB",
    "CTSB",
    "SPP1",
    "IL1B",
    "C1QA",
    "TNF",
    "MSR1"
  ],
  "top_axes": [
    "interferon_chemokine",
    "lysosome_antigen_processing",
    "complement_phagocytosis",
    "metabolic_licensing",
    "lipid_droplet_efflux",
    "tissue_remodeling"
  ],
  "interpretation": "Heuristic breadth ranking for triage. Promotion requires cell-state, genetics, foundation-model/perturbation, druggability, and prior-art validation."
}

Top genes:
   gene                                                           axis  priority_score  weighted_evidence_score  ms_anchor_score  positive_disease_count  negative_disease_count  positive_non_ms_disease_count  negative_non_ms_disease_count  ms_channels  ms_datasets                                                   positive_diseases negative_diseases                                                      prior_flag
  NAMPT                                            metabolic_licensing       37.351107                22.998520         5.352587                       7                       0                              6                              0            3            3                          Crohn,MS,RA,SLE_B,SLE_myeloid,UC,psoriasis                   strong_v2_successor_but_broad_prior_art_and_direction_ambiguity
  IFI30               lysosome_antigen_processing,interferon_chemokine       31.508991                21.104457         4.717034                       5                       1                              4                              1            2            2                               Crohn,MS,UC,lupus_nephritis,psoriasis                RA                                                                
 CXCL10                                           interferon_chemokine       31.383192                17.383192         0.000000                       8                       0                              8                              0            0            0 Crohn,RA,SLE_CD4_T,SLE_myeloid,Sjogren,UC,lupus_nephritis,psoriasis                                                                                  
   C1QB                                        complement_phagocytosis       26.203702                14.953189         2.500513                       5                       0                              5                              0            2            2                      Crohn,SLE_myeloid,UC,lupus_nephritis,psoriasis                                                                                  
   CTSB                                    lysosome_antigen_processing       23.323767                13.011777         2.874490                       5                       1                              5                              1            2            2                      Crohn,SLE_myeloid,UC,lupus_nephritis,psoriasis                RA                                                                
   SPP1                                              tissue_remodeling       22.719686                13.114787         2.604899                       4                       0                              4                              0            2            2                                               Crohn,RA,UC,psoriasis                                                                                  
   IL1B                       interferon_chemokine,metabolic_licensing       21.898820                16.211320         0.000000                       4                       1                              4                              1            0            0                                               Crohn,RA,UC,psoriasis   lupus_nephritis                                                                
   C1QA                                        complement_phagocytosis       20.505084                11.755084         0.000000                       5                       0                              5                              0            0            0                          Crohn,Sjogren,UC,lupus_nephritis,psoriasis                                                                                  
    TNF                       interferon_chemokine,metabolic_licensing       18.148136                10.710636         0.000000                       5                       1                              5                              1            0            0                               Crohn,RA,UC,lupus_nephritis,psoriasis   lupus_nephritis                                                                
   MSR1                   lipid_droplet_efflux,complement_phagocytosis       17.079999                 8.329999         0.000000                       5                       0                              5                              0            0            0                          Crohn,Sjogren,UC,lupus_nephritis,psoriasis                                                                                  
  FABP5                                           lipid_droplet_efflux       16.891924                 9.704424         1.500000                       5                       2                              4                              1            2            2                                MS,SLE_B,SLE_CD4_T,Sjogren,psoriasis             MS,RA                                                                
  ACSL1                                           lipid_droplet_efflux       15.690500                 7.662899         5.590101                       4                       1                              3                              1            3            3                                             Crohn,MS,SLE_myeloid,UC         psoriasis        demoted_v2_marker_after_module_adjustment_and_simulation
  MARCO lipid_droplet_efflux,complement_phagocytosis,tissue_remodeling       15.197400                 4.697400         0.000000                       6                       0                              6                              0            0            0                     Crohn,RA,SLE_myeloid,Sjogren,UC,lupus_nephritis                                                                                  
  GPNMB                         lipid_droplet_efflux,tissue_remodeling       14.242845                 3.796783         9.071062                       4                       2                              3                              2            3            3                                         Crohn,MS,UC,lupus_nephritis      RA,psoriasis                                                                
   C1QC                                        complement_phagocytosis       14.117481                 7.459862         2.720119                       3                       1                              3                              1            2            2                                                  Crohn,UC,psoriasis                RA                                                                
   LIPA               lipid_droplet_efflux,lysosome_antigen_processing       12.744993                 9.619993         0.000000                       4                       2                              4                              2            0            0                                Sjogren,UC,lupus_nephritis,psoriasis          Crohn,RA                                                                
 FCGR3A                                                     unassigned       11.158649                 7.658649         0.000000                       2                       0                              2                              0            0            0                                                            Crohn,UC                                                                                  
   TPP1                                    lysosome_antigen_processing       10.439566                 4.777543         4.287022                       4                       2                              3                              2            2            2                                         MS,SLE_myeloid,UC,psoriasis          Crohn,RA                                                                
   CD36                                           lipid_droplet_efflux        9.500754                 3.813254         0.000000                       4                       1                              4                              1            0            0                         SLE_B,SLE_myeloid,lupus_nephritis,psoriasis                RA                                                                
SERINC1                                                     unassigned        7.329258                 2.914629         4.414629                       1                       0                              0                              0            2            2                                                                  MS                                                                                  

Axes:
                       axis                                                           genes_in_axis  weighted_score  positive_disease_count  negative_disease_count                                                            positive_diseases                                       negative_diseases  mean_genes_per_disease  mean_channels_per_disease
       interferon_chemokine             CXCL10,STAT1,IRF1,IRF7,IFI30,TNF,IL1B,NFKBIA,CCL2,CCL3,CCL4       65.427453                       9                       2       Crohn,MS,RA,SLE_CD4_T,SLE_myeloid,Sjogren,UC,lupus_nephritis,psoriasis                                      RA,lupus_nephritis                     3.8                        1.1
lysosome_antigen_processing                              IFI30,CTSD,CTSB,CTSL,TPP1,LAMP1,LIPA,ASAH1       54.949921                       7                       7                    Crohn,MS,SLE_myeloid,Sjogren,UC,lupus_nephritis,psoriasis Crohn,RA,SLE_CD4_T,Sjogren,UC,lupus_nephritis,psoriasis                     7.0                        1.2
    complement_phagocytosis                              C1QA,C1QB,C1QC,CD68,TREM2,MERTK,MSR1,MARCO       51.053636                       7                       3                    Crohn,RA,SLE_myeloid,Sjogren,UC,lupus_nephritis,psoriasis                                      Crohn,RA,psoriasis                     6.4                        1.1
        metabolic_licensing                                 NAMPT,HIF1A,SLC2A1,LDHA,NFKBIA,TNF,IL1B       48.792974                       8                       1                   Crohn,MS,RA,SLE_B,SLE_myeloid,UC,lupus_nephritis,psoriasis                                         lupus_nephritis                     2.9                        1.2
       lipid_droplet_efflux ACSL1,APOE,GPNMB,LPL,TREM2,PLIN2,CD36,FABP5,LIPA,MERTK,MSR1,MARCO,ASAH1       41.157840                      10                       6 Crohn,MS,RA,SLE_B,SLE_CD4_T,SLE_myeloid,Sjogren,UC,lupus_nephritis,psoriasis                Crohn,MS,RA,UC,lupus_nephritis,psoriasis                    12.0                        1.2
          tissue_remodeling                                   SPP1,GPNMB,MERTK,TREM2,APOE,LPL,MARCO       21.454229                       8                       3                 Crohn,MS,RA,SLE_myeloid,Sjogren,UC,lupus_nephritis,psoriasis                            RA,lupus_nephritis,psoriasis                     6.6                        1.2
{
  "model_repo": "arcinstitute/ST-HVG-Parse",
  "model_sha": "a69af46d5b8c6f8c036c489a8f71354f321d968b",
  "source_split": "fewshot/split_4",
  "cell_type": "CD14_Mono",
  "n_perturbations": 62,
  "n_output_features": 2000,
  "n_mapped_features": 2000,
  "gene_mapping_status": "feature IDs retained because exact HVG gene order requires ~9.1GB AnnData downloads",
  "top_real_transition_targets": [],
  "module_scoring_status": "blocked_no_gene_symbols_for_feature_ids",
  "validation": [
    {
      "axis": "complement_phagocytosis",
      "n_targets": 0,
      "spearman_pred_real": NaN,
      "pearson_pred_real": NaN,
      "direction_match_fraction": NaN
    },
    {
      "axis": "inflammatory_cytokine",
      "n_targets": 0,
      "spearman_pred_real": NaN,
      "pearson_pred_real": NaN,
      "direction_match_fraction": NaN
    },
    {
      "axis": "interferon_apc",
      "n_targets": 0,
      "spearman_pred_real": NaN,
      "pearson_pred_real": NaN,
      "direction_match_fraction": NaN
    },
    {
      "axis": "lipid_loader",
      "n_targets": 0,
      "spearman_pred_real": NaN,
      "pearson_pred_real": NaN,
      "direction_match_fraction": NaN
    },
    {
      "axis": "lysosomal_antigen_processing",
      "n_targets": 0,
      "spearman_pred_real": NaN,
      "pearson_pred_real": NaN,
      "direction_match_fraction": NaN
    },
    {
      "axis": "metabolic_hif_nampt",
      "n_targets": 0,
      "spearman_pred_real": NaN,
      "pearson_pred_real": NaN,
      "direction_match_fraction": NaN
    }
  ],
  "interpretation": "Released State CD14 monocyte predictions and matched real perturbation data; used to validate model-level perturbation ranking only where feature identity is not needed; gene-module scoring is blocked until HVG order is recovered."
}

Top transition targets:
blocked: exact HVG feature-to-gene mapping unavailable without large AnnData downloads

Validation:
                        axis  n_targets  spearman_pred_real  pearson_pred_real  direction_match_fraction
     complement_phagocytosis          0                 NaN                NaN                       NaN
       inflammatory_cytokine          0                 NaN                NaN                       NaN
              interferon_apc          0                 NaN                NaN                       NaN
                lipid_loader          0                 NaN                NaN                       NaN
lysosomal_antigen_processing          0                 NaN                NaN                       NaN
         metabolic_hif_nampt          0                 NaN                NaN                       NaN
