*********************************************************************
* LD Score Regression (LDSC)
* Version 2.0.0
* (C) 2014-2019 Brendan Bulik-Sullivan and Hilary Finucane
* Broad Institute of MIT and Harvard / MIT Department of Mathematics
* GNU General Public License v3
*********************************************************************
Call: 
./munge_sumstats.py \
--sumstats results/provisioning/ldsc_toy/toy_centered.sumstats.tsv \
--N 10000.0 \
--out results/provisioning/ldsc_toy/toy_centered_munged 

Interpreting column names as follows:
SNP:	Variant ID (e.g., rs number)
A1:	Allele 1, interpreted as ref allele for signed sumstat.
A2:	Allele 2, interpreted as non-ref allele for signed sumstat.
Z:	Z-score (0 --> no effect; above 0 --> A1 is trait/risk increasing)
P:	p-Value
N:	Sample size

Reading sumstats from results/provisioning/ldsc_toy/toy_centered.sumstats.tsv into memory 5000000 SNPs at a time.
Read 1000 SNPs from --sumstats file.
Removed 0 SNPs with missing values.
Removed 0 SNPs with INFO <= 0.9.
Removed 0 SNPs with MAF <= 0.01.
Removed 0 SNPs with out-of-bounds p-values.
Removed 250 variants that were not SNPs or were strand-ambiguous.
750 SNPs remain.
Removed 0 SNPs with duplicated rs numbers (750 SNPs remain).
Removed 0 SNPs with N < 6666.666666666667 (750 SNPs remain).
Median value of Z was 0.0036921799999999998, which seems sensible.
Writing summary statistics for 750 SNPs (750 with nonmissing beta) to results/provisioning/ldsc_toy/toy_centered_munged.sumstats.gz.

Metadata:
Mean chi^2 = 0.984
WARNING: mean chi^2 may be too small.
Lambda GC = 1.054
Max chi^2 = 10.909
0 Genome-wide significant SNPs (some may have been removed by filtering).

Conversion finished at Fri Jun  5 23:58:18 2026
Total time elapsed: 0.01s
