==== HEAD https://data.broadinstitute.org/alkesgroup/LDSCORE/eur_w_ld_chr.tar.bz2
  % Total    % Received % Xferd  Average Speed   Time    Time     Time  Current
                                 Dload  Upload   Total   Spent    Left  Speed
  0     0    0     0    0     0      0      0 --:--:-- --:--:-- --:--:--     0  0     0    0     0    0     0      0      0 --:--:-- --:--:-- --:--:--     0
  0   784    0     0    0     0      0      0 --:--:-- --:--:-- --:--:--     0
HTTP/2 301 
date: Fri, 05 Jun 2026 22:29:00 GMT
server: Apache
location: https://alkesgroup.broadinstitute.org/LDSCORE/eur_w_ld_chr.tar.bz2
content-type: text/html; charset=iso-8859-1

HTTP/2 404 
content-type: text/html
x-guploader-uploadid: AJ5rDhH8DRJoA5eUkiKRtB_LTp5RZe29LkP_Rh-xxn403TJBpD0ZfTtctygBUWN75hRI41-WF4YnVR8
expires: Fri, 05 Jun 2026 23:29:01 GMT
date: Fri, 05 Jun 2026 22:29:01 GMT
cache-control: public, max-age=3600
last-modified: Wed, 05 Aug 2020 18:07:02 GMT
etag: "c46a597698613083183a8ae74151bc19"
x-goog-generation: 1596650822345038
x-goog-metageneration: 1
x-goog-stored-content-encoding: identity
x-goog-stored-content-length: 784
x-goog-hash: crc32c=RPy5lg==
x-goog-hash: md5=xGpZdphhMIMYOornQVG8GQ==
x-goog-storage-class: STANDARD
accept-ranges: bytes
content-length: 784
vary: Origin
server: UploadServer
alt-svc: h3=":443"; ma=2592000,h3-29=":443"; ma=2592000

==== GET https://data.broadinstitute.org/alkesgroup/LDSCORE/eur_w_ld_chr.tar.bz2
GET_EXIT=56 file=data/raw/ldsc_reference/eur_w_ld_chr.tar.bz2
  % Total    % Received % Xferd  Average Speed   Time    Time     Time  Current
                                 Dload  Upload   Total   Spent    Left  Speed
  0     0    0     0    0     0      0      0 --:--:-- --:--:-- --:--:--     0  0     0    0     0    0     0      0      0 --:--:-- --:--:-- --:--:--     0100   274  100   274    0     0    268      0  0:00:01  0:00:01 --:--:--   268
  0     0    0     0    0     0      0      0 --:--:--  0:00:01 --:--:--     0  0   784    0     0    0     0      0      0 --:--:--  0:00:01 --:--:--     0
curl: (56) The requested URL returned error: 404
==== HEAD https://data.broadinstitute.org/alkesgroup/LDSCORE/w_hm3.snplist.bz2
  % Total    % Received % Xferd  Average Speed   Time    Time     Time  Current
                                 Dload  Upload   Total   Spent    Left  Speed
  0     0    0     0    0     0      0      0 --:--:-- --:--:-- --:--:--     0  0     0    0     0    0     0      0      0 --:--:-- --:--:-- --:--:--     0  0     0    0     0    0     0      0      0 --:--:-- --:--:-- --:--:--     0
  0   784    0     0    0     0      0      0 --:--:-- --:--:-- --:--:--     0
HTTP/2 301 
date: Fri, 05 Jun 2026 22:29:03 GMT
server: Apache
location: https://alkesgroup.broadinstitute.org/LDSCORE/w_hm3.snplist.bz2
content-type: text/html; charset=iso-8859-1

HTTP/2 404 
content-type: text/html
x-guploader-uploadid: AJ5rDhHWEFJ1rCHmwIecj_4cD5H95RhSBlGizwM0ckMnXeYk9PyufbHMS8uL9ZV0m6SHJF5WOlqHl-o
expires: Fri, 05 Jun 2026 23:29:03 GMT
date: Fri, 05 Jun 2026 22:29:03 GMT
cache-control: public, max-age=3600
last-modified: Wed, 05 Aug 2020 18:07:02 GMT
etag: "c46a597698613083183a8ae74151bc19"
x-goog-generation: 1596650822345038
x-goog-metageneration: 1
x-goog-stored-content-encoding: identity
x-goog-stored-content-length: 784
x-goog-hash: crc32c=RPy5lg==
x-goog-hash: md5=xGpZdphhMIMYOornQVG8GQ==
x-goog-storage-class: STANDARD
accept-ranges: bytes
content-length: 784
vary: Origin
server: UploadServer
alt-svc: h3=":443"; ma=2592000

==== GET https://data.broadinstitute.org/alkesgroup/LDSCORE/w_hm3.snplist.bz2
GET_EXIT=56 file=data/raw/ldsc_reference/w_hm3.snplist.bz2
  % Total    % Received % Xferd  Average Speed   Time    Time     Time  Current
                                 Dload  Upload   Total   Spent    Left  Speed
  0     0    0     0    0     0      0      0 --:--:-- --:--:-- --:--:--     0  0     0    0     0    0     0      0      0 --:--:-- --:--:-- --:--:--     0100   271  100   271    0     0    526      0 --:--:-- --:--:-- --:--:--   526
  0   784    0     0    0     0      0      0 --:--:-- --:--:-- --:--:--     0
curl: (56) The requested URL returned error: 404
