*********************************************************************
* LD Score Regression (LDSC)
* Version 2.0.0
* (C) 2014-2019 Brendan Bulik-Sullivan and Hilary Finucane
* Broad Institute of MIT and Harvard / MIT Department of Mathematics
* GNU General Public License v3
*********************************************************************
Call: 
./ldsc.py \
--out results/provisioning/ldsc_reference_smoke/hm3_reference_matched_toy_h2 \
--h2 results/provisioning/ldsc_reference_smoke/hm3_reference_matched_toy_munged.sumstats.gz \
--ref-ld-chr data/raw/ldsc_reference/eur_w_ld_chr/ \
--w-ld-chr data/raw/ldsc_reference/eur_w_ld_chr/ 

Beginning analysis at Sat Jun  6 00:38:52 2026
Reading summary statistics from results/provisioning/ldsc_reference_smoke/hm3_reference_matched_toy_munged.sumstats.gz ...
Read summary statistics for 121731 SNPs.
Reading reference panel LD Score from data/raw/ldsc_reference/eur_w_ld_chr/[1-22] ... (ldscore_fromlist)
Read reference panel LD Scores for 1290028 SNPs.
Removing partitioned LD Scores with zero variance.
Reading regression weight LD Score from data/raw/ldsc_reference/eur_w_ld_chr/[1-22] ... (ldscore_fromlist)
Read regression weight LD Scores for 1290028 SNPs.
After merging with reference panel LD, 118434 SNPs remain.
After merging with regression SNP LD, 118434 SNPs remain.
WARNING: number of SNPs less than 200k; this is almost always bad.
Using two-step estimator with cutoff at 30.
Total Observed scale h2: 0.0137 (0.0043)
Lambda GC: 0.9957
Mean Chi^2: 0.999
Intercept: 0.9728 (0.0093)
Ratio: NA (mean chi^2 < 1)
Analysis finished at Sat Jun  6 00:38:54 2026
Total time elapsed: 2.68s
