*********************************************************************
* LD Score Regression (LDSC)
* Version 2.0.0
* (C) 2014-2019 Brendan Bulik-Sullivan and Hilary Finucane
* Broad Institute of MIT and Harvard / MIT Department of Mathematics
* GNU General Public License v3
*********************************************************************
Call: 
./ldsc.py \
--out analysis/v21_ldsc_backdrop/rg/MS_vs_Crohn_full_plain \
--rg analysis/v21_ldsc_backdrop/munged/MS_full.sumstats.gz,analysis/v21_ldsc_backdrop/munged/Crohn_full.sumstats.gz \
--ref-ld-chr data/raw/ldsc_reference/eur_w_ld_chr/ \
--w-ld-chr data/raw/ldsc_reference/eur_w_ld_chr/ 

Beginning analysis at Sat Jun  6 13:30:38 2026
Reading summary statistics from analysis/v21_ldsc_backdrop/munged/MS_full.sumstats.gz ...
Read summary statistics for 1118186 SNPs.
Reading reference panel LD Score from data/raw/ldsc_reference/eur_w_ld_chr/[1-22] ... (ldscore_fromlist)
Read reference panel LD Scores for 1290028 SNPs.
Removing partitioned LD Scores with zero variance.
Reading regression weight LD Score from data/raw/ldsc_reference/eur_w_ld_chr/[1-22] ... (ldscore_fromlist)
Read regression weight LD Scores for 1290028 SNPs.
After merging with reference panel LD, 1109175 SNPs remain.
After merging with regression SNP LD, 1109175 SNPs remain.
Computing rg for phenotype 2/2
Reading summary statistics from analysis/v21_ldsc_backdrop/munged/Crohn_full.sumstats.gz ...
Read summary statistics for 1217311 SNPs.
After merging with summary statistics, 1109175 SNPs remain.
1108900 SNPs with valid alleles.

Heritability of phenotype 1
---------------------------
Total Observed scale h2: 0.1049 (0.0097)
Lambda GC: 1.1491
Mean Chi^2: 1.2482
Intercept: 1.0172 (0.0101)
Ratio: 0.0691 (0.0407)

Heritability of phenotype 2/2
-----------------------------
Total Observed scale h2: 0.5008 (0.0586)
Lambda GC: 1.1396
Mean Chi^2: 1.228
Intercept: 1.0212 (0.0106)
Ratio: 0.093 (0.0463)

Genetic Covariance
------------------
Total Observed scale gencov: 0.0384 (0.0123)
Mean z1*z2: 0.1118
Intercept: 0.0789 (0.0059)

Genetic Correlation
-------------------
Genetic Correlation: 0.1675 (0.0527)
Z-score: 3.1775
P: 0.0015


Summary of Genetic Correlation Results
                                                   p1                                                       p2     rg     se      z      p  h2_obs  h2_obs_se  h2_int  h2_int_se  gcov_int  gcov_int_se
analysis/v21_ldsc_backdrop/munged/MS_full.sumstats.gz analysis/v21_ldsc_backdrop/munged/Crohn_full.sumstats.gz 0.1675 0.0527 3.1775 0.0015  0.5008     0.0586  1.0212     0.0106    0.0789       0.0059

Analysis finished at Sat Jun  6 13:30:42 2026
Total time elapsed: 4.37s
