*********************************************************************
* LD Score Regression (LDSC)
* Version 2.0.0
* (C) 2014-2019 Brendan Bulik-Sullivan and Hilary Finucane
* Broad Institute of MIT and Harvard / MIT Department of Mathematics
* GNU General Public License v3
*********************************************************************
Call: 
./ldsc.py \
--out analysis/v21_ldsc_backdrop/rg/MS_vs_SLE_full_plain \
--rg analysis/v21_ldsc_backdrop/munged/MS_full.sumstats.gz,analysis/v21_ldsc_backdrop/munged/SLE_full.sumstats.gz \
--ref-ld-chr data/raw/ldsc_reference/eur_w_ld_chr/ \
--w-ld-chr data/raw/ldsc_reference/eur_w_ld_chr/ 

Beginning analysis at Sat Jun  6 13:35:23 2026
Reading summary statistics from analysis/v21_ldsc_backdrop/munged/MS_full.sumstats.gz ...
Read summary statistics for 1118186 SNPs.
Reading reference panel LD Score from data/raw/ldsc_reference/eur_w_ld_chr/[1-22] ... (ldscore_fromlist)
Read reference panel LD Scores for 1290028 SNPs.
Removing partitioned LD Scores with zero variance.
Reading regression weight LD Score from data/raw/ldsc_reference/eur_w_ld_chr/[1-22] ... (ldscore_fromlist)
Read regression weight LD Scores for 1290028 SNPs.
After merging with reference panel LD, 1109175 SNPs remain.
After merging with regression SNP LD, 1109175 SNPs remain.
Computing rg for phenotype 2/2
Reading summary statistics from analysis/v21_ldsc_backdrop/munged/SLE_full.sumstats.gz ...
Read summary statistics for 1217311 SNPs.
After merging with summary statistics, 1109175 SNPs remain.
985993 SNPs with valid alleles.

Heritability of phenotype 1
---------------------------
Total Observed scale h2: 0.1063 (0.0099)
Lambda GC: 1.1491
Mean Chi^2: 1.2537
Intercept: 1.0186 (0.0106)
Ratio: 0.0732 (0.0418)

Heritability of phenotype 2/2
-----------------------------
Total Observed scale h2: 0.5361 (0.0701)
Lambda GC: 1.4637
Mean Chi^2: 1.3531
Intercept: 1.1998 (0.0101)
Ratio: 0.5657 (0.0286)

Genetic Covariance
------------------
Total Observed scale gencov: 0.0582 (0.0147)
Mean z1*z2: 0.0572
Intercept: 0.01 (0.0064)

Genetic Correlation
-------------------
Genetic Correlation: 0.2439 (0.0608)
Z-score: 4.01
P: 6.0712e-05


Summary of Genetic Correlation Results
                                                   p1                                                     p2     rg     se    z          p  h2_obs  h2_obs_se  h2_int  h2_int_se  gcov_int  gcov_int_se
analysis/v21_ldsc_backdrop/munged/MS_full.sumstats.gz analysis/v21_ldsc_backdrop/munged/SLE_full.sumstats.gz 0.2439 0.0608 4.01 6.0712e-05  0.5361     0.0701  1.1998     0.0101      0.01       0.0064

Analysis finished at Sat Jun  6 13:35:27 2026
Total time elapsed: 4.42s
