*********************************************************************
* LD Score Regression (LDSC)
* Version 2.0.0
* (C) 2014-2019 Brendan Bulik-Sullivan and Hilary Finucane
* Broad Institute of MIT and Harvard / MIT Department of Mathematics
* GNU General Public License v3
*********************************************************************
Call: 
./ldsc.py \
--out analysis/v21_ldsc_backdrop/rg/MS_vs_RA_full_plain \
--rg analysis/v21_ldsc_backdrop/munged/MS_full.sumstats.gz,analysis/v21_ldsc_backdrop/munged/RA_full.sumstats.gz \
--ref-ld-chr data/raw/ldsc_reference/eur_w_ld_chr/ \
--w-ld-chr data/raw/ldsc_reference/eur_w_ld_chr/ 

Beginning analysis at Sat Jun  6 13:35:09 2026
Reading summary statistics from analysis/v21_ldsc_backdrop/munged/MS_full.sumstats.gz ...
Read summary statistics for 1118186 SNPs.
Reading reference panel LD Score from data/raw/ldsc_reference/eur_w_ld_chr/[1-22] ... (ldscore_fromlist)
Read reference panel LD Scores for 1290028 SNPs.
Removing partitioned LD Scores with zero variance.
Reading regression weight LD Score from data/raw/ldsc_reference/eur_w_ld_chr/[1-22] ... (ldscore_fromlist)
Read regression weight LD Scores for 1290028 SNPs.
After merging with reference panel LD, 1109175 SNPs remain.
After merging with regression SNP LD, 1109175 SNPs remain.
Computing rg for phenotype 2/2
Reading summary statistics from analysis/v21_ldsc_backdrop/munged/RA_full.sumstats.gz ...
Read summary statistics for 1217311 SNPs.
After merging with summary statistics, 1109175 SNPs remain.
932380 SNPs with valid alleles.

Heritability of phenotype 1
---------------------------
Total Observed scale h2: 0.1097 (0.01)
Lambda GC: 1.1523
Mean Chi^2: 1.2574
Intercept: 1.0168 (0.0102)
Ratio: 0.0651 (0.0396)

Heritability of phenotype 2/2
-----------------------------
Total Observed scale h2: 0.2332 (0.0282)
Lambda GC: 1.4926
Mean Chi^2: 1.3167
Intercept: 1.0553 (0.0124)
Ratio: 0.1745 (0.0391)

Genetic Covariance
------------------
Total Observed scale gencov: 0.0271 (0.0072)
Mean z1*z2: 0.084
Intercept: 0.0423 (0.0065)

Genetic Correlation
-------------------
Genetic Correlation: 0.1692 (0.0453)
Z-score: 3.7325
P: 0.0002


Summary of Genetic Correlation Results
                                                   p1                                                    p2     rg     se      z      p  h2_obs  h2_obs_se  h2_int  h2_int_se  gcov_int  gcov_int_se
analysis/v21_ldsc_backdrop/munged/MS_full.sumstats.gz analysis/v21_ldsc_backdrop/munged/RA_full.sumstats.gz 0.1692 0.0453 3.7325 0.0002  0.2332     0.0282  1.0553     0.0124    0.0423       0.0065

Analysis finished at Sat Jun  6 13:35:13 2026
Total time elapsed: 4.32s
