*********************************************************************
* LD Score Regression (LDSC)
* Version 2.0.0
* (C) 2014-2019 Brendan Bulik-Sullivan and Hilary Finucane
* Broad Institute of MIT and Harvard / MIT Department of Mathematics
* GNU General Public License v3
*********************************************************************
Call: 
./ldsc.py \
--out /Users/soeren.leibach/Projects/ms-auto-research/analysis/v21_ldsc_backdrop/rg/MS_vs_RA_full \
--rg /Users/soeren.leibach/Projects/ms-auto-research/analysis/v21_ldsc_backdrop/munged/MS_full.sumstats.gz,/Users/soeren.leibach/Projects/ms-auto-research/analysis/v21_ldsc_backdrop/munged/RA_full.sumstats.gz \
--ref-ld-chr /Users/soeren.leibach/Projects/ms-auto-research/data/raw/ldsc_reference/eur_w_ld_chr/ \
--w-ld-chr /Users/soeren.leibach/Projects/ms-auto-research/data/raw/ldsc_reference/eur_w_ld_chr/ 

Beginning analysis at Sat Jun  6 13:34:17 2026
Reading summary statistics from /Users/soeren.leibach/Projects/ms-auto-research/analysis/v21_ldsc_backdrop/munged/MS_full.sumstats.gz ...
Read summary statistics for 1118186 SNPs.
Reading reference panel LD Score from /Users/soeren.leibach/Projects/ms-auto-research/data/raw/ldsc_reference/eur_w_ld_chr/[1-22] ... (ldscore_fromlist)
Read reference panel LD Scores for 1290028 SNPs.
Removing partitioned LD Scores with zero variance.
Reading regression weight LD Score from /Users/soeren.leibach/Projects/ms-auto-research/data/raw/ldsc_reference/eur_w_ld_chr/[1-22] ... (ldscore_fromlist)
Read regression weight LD Scores for 1290028 SNPs.
After merging with reference panel LD, 1109175 SNPs remain.
After merging with regression SNP LD, 1109175 SNPs remain.
Computing rg for phenotype 2/2
Reading summary statistics from /Users/soeren.leibach/Projects/ms-auto-research/analysis/v21_ldsc_backdrop/munged/RA_full.sumstats.gz ...
ERROR computing rg for phenotype 2/2, from file /Users/soeren.leibach/Projects/ms-auto-research/analysis/v21_ldsc_backdrop/munged/RA_full.sumstats.gz.
Analysis finished at Sat Jun  6 13:34:20 2026
Total time elapsed: 3.09s
