Collecting ldsc==2.0.1
  Downloading ldsc-2.0.1-py3-none-any.whl.metadata (5.9 kB)
Collecting bitarray>=2.6.0 (from ldsc==2.0.1)
  Downloading bitarray-3.8.1-cp313-cp313-macosx_11_0_arm64.whl.metadata (34 kB)
Collecting nose>=1.3.7 (from ldsc==2.0.1)
  Downloading nose-1.3.7-py3-none-any.whl.metadata (1.7 kB)
Collecting pybedtools>=0.9.0 (from ldsc==2.0.1)
  Downloading pybedtools-0.12.0.tar.gz (12.6 MB)
     ━━━━━━━━━━━━━━━━━━━━━━━━━━━━━━━━━━━━━━━━ 12.6/12.6 MB 4.2 MB/s eta 0:00:00
  Installing build dependencies: started
  Installing build dependencies: finished with status 'done'
  Getting requirements to build wheel: started
  Getting requirements to build wheel: finished with status 'done'
  Preparing metadata (pyproject.toml): started
  Preparing metadata (pyproject.toml): finished with status 'done'
Requirement already satisfied: scipy>=1.9.2 in ./.venv/lib/python3.13/site-packages (from ldsc==2.0.1) (1.15.3)
Requirement already satisfied: numpy>=1.23.3 in ./.venv/lib/python3.13/site-packages (from ldsc==2.0.1) (2.2.6)
Requirement already satisfied: pandas>=1.5.0 in ./.venv/lib/python3.13/site-packages (from ldsc==2.0.1) (2.2.3)
Requirement already satisfied: python-dateutil>=2.8.2 in ./.venv/lib/python3.13/site-packages (from pandas>=1.5.0->ldsc==2.0.1) (2.9.0.post0)
Requirement already satisfied: pytz>=2020.1 in ./.venv/lib/python3.13/site-packages (from pandas>=1.5.0->ldsc==2.0.1) (2026.2)
Requirement already satisfied: tzdata>=2022.7 in ./.venv/lib/python3.13/site-packages (from pandas>=1.5.0->ldsc==2.0.1) (2026.2)
Collecting pysam (from pybedtools>=0.9.0->ldsc==2.0.1)
  Downloading pysam-0.24.0-cp313-cp313-macosx_11_0_arm64.whl.metadata (1.6 kB)
Requirement already satisfied: six>=1.5 in ./.venv/lib/python3.13/site-packages (from python-dateutil>=2.8.2->pandas>=1.5.0->ldsc==2.0.1) (1.17.0)
Downloading ldsc-2.0.1-py3-none-any.whl (61 kB)
Downloading bitarray-3.8.1-cp313-cp313-macosx_11_0_arm64.whl (146 kB)
Downloading nose-1.3.7-py3-none-any.whl (154 kB)
Downloading pysam-0.24.0-cp313-cp313-macosx_11_0_arm64.whl (8.4 MB)
   ━━━━━━━━━━━━━━━━━━━━━━━━━━━━━━━━━━━━━━━━ 8.4/8.4 MB 3.3 MB/s eta 0:00:00
Building wheels for collected packages: pybedtools
  Building wheel for pybedtools (pyproject.toml): started
  Building wheel for pybedtools (pyproject.toml): finished with status 'done'
  Created wheel for pybedtools: filename=pybedtools-0.12.0-cp313-cp313-macosx_15_0_arm64.whl size=12863812 sha256=1535b275c808d5253fcd83d3f737104fedc9094c690f093320601504aa4e645f
  Stored in directory: /Users/soeren.leibach/Library/Caches/pip/wheels/fa/99/88/cc0741612d841f48384f4d3937fbdb0c46572d71b11063e0d4
Successfully built pybedtools
Installing collected packages: nose, bitarray, pysam, pybedtools, ldsc
Successfully installed bitarray-3.8.1 ldsc-2.0.1 nose-1.3.7 pybedtools-0.12.0 pysam-0.24.0

[notice] A new release of pip is available: 25.0.1 -> 26.1.2
[notice] To update, run: /Users/soeren.leibach/Projects/ms-auto-research/.venv/bin/python -m pip install --upgrade pip
